L1T INFO:  L1REPACK:FullMC  will unpack Calorimetry and Muon L1T inputs, re-emulate L1T (Stage-2), and pack uGT, uGMT, and Calo Stage-2 output.
 ##################################################################### 
 # WARNING: the module CondCore.DBCommon.CondDBSetup is deprecated.  # 
 # Please import CondCore.CondDB.CondDB_cfi                          # 
 ##################################################################### 
24-May-2017 10:28:10 CDT  Initiating request to open file root://cmsxrootd.hep.wisc.edu//store/mc/PhaseISpring17DR/SinglePion_PT0to200/GEN-SIM-RAW/NoPUNZS_90X_upgrade2017_realistic_v20_ext1-v1/100000/00C7D4EA-7B37-E711-BCCB-0CC47A0AD6F8.root
%MSG-w XrdAdaptorInternal:  file_open 24-May-2017 10:28:11 CDT pre-events
Failed to open file at URL root://cmsxrootd.hep.wisc.edu:1094//store/mc/PhaseISpring17DR/SinglePion_PT0to200/GEN-SIM-RAW/NoPUNZS_90X_upgrade2017_realistic_v20_ext1-v1/100000/00C7D4EA-7B37-E711-BCCB-0CC47A0AD6F8.root.
%MSG
%MSG-w XrdAdaptorInternal:  file_open 24-May-2017 10:28:11 CDT pre-events
Failed to open file at URL root://cmsxrootd.hep.wisc.edu:1094//store/mc/PhaseISpring17DR/SinglePion_PT0to200/GEN-SIM-RAW/NoPUNZS_90X_upgrade2017_realistic_v20_ext1-v1/100000/00C7D4EA-7B37-E711-BCCB-0CC47A0AD6F8.root?tried=.
%MSG
24-May-2017 10:28:11 CDT  Fallback request to file root://cmsxrootd.fnal.gov//store/mc/PhaseISpring17DR/SinglePion_PT0to200/GEN-SIM-RAW/NoPUNZS_90X_upgrade2017_realistic_v20_ext1-v1/100000/00C7D4EA-7B37-E711-BCCB-0CC47A0AD6F8.root?source=glow
%MSG-w XrdAdaptor:  file_open 24-May-2017 10:28:50 CDT pre-events
Data is served from T1_IT_CNAF instead of original site T2_US_Nebraska
%MSG
24-May-2017 10:28:52 CDT  Successfully opened file root://cmsxrootd.fnal.gov//store/mc/PhaseISpring17DR/SinglePion_PT0to200/GEN-SIM-RAW/NoPUNZS_90X_upgrade2017_realistic_v20_ext1-v1/100000/00C7D4EA-7B37-E711-BCCB-0CC47A0AD6F8.root?source=glow
Begin processing the 1st record. Run 1, Event 5560505, LumiSection 5894 at 24-May-2017 10:30:10.544 CDT
Clearing hTowerETCode
Running over hcal digis
nHCALdigis_examined = 0
Clearing hTowerETCode
Running over hcal digis
nHCALdigis_examined = 0
Clearing hTowerETCode
Running over hcal digis
nHCALdigis_examined = 0
Clearing hTowerETCode
Running over hcal digis
nHCALdigis_examined = 0
Clearing hTowerETCode
Running over hcal digis
nHCALdigis_examined = 0
24-May-2017 10:30:19 CDT  Closed file root://cmsxrootd.fnal.gov//store/mc/PhaseISpring17DR/SinglePion_PT0to200/GEN-SIM-RAW/NoPUNZS_90X_upgrade2017_realistic_v20_ext1-v1/100000/00C7D4EA-7B37-E711-BCCB-0CC47A0AD6F8.root?source=glow

TrigReport ---------- Event  Summary ------------
TrigReport Events total = 5 passed = 5 failed = 0

TrigReport ---------- Path   Summary ------------
TrigReport  Trig Bit#   Executed     Passed     Failed      Error Name
TrigReport     1    0          5          5          0          0 p

TrigReport -------End-Path   Summary ------------
TrigReport  Trig Bit#   Executed     Passed     Failed      Error Name

TrigReport ---------- Modules in Path: p ------------
TrigReport  Trig Bit#    Visited     Passed     Failed      Error Name
TrigReport     1    0          5          5          0          0 hcalDigis
TrigReport     1    1          5          5          0          0 ecalDigis
TrigReport     1    2          5          5          0          0 simHcalTriggerPrimitiveDigis
TrigReport     1    3          5          5          0          0 tree

TrigReport ---------- Module Summary ------------
TrigReport    Visited   Executed     Passed     Failed      Error Name
TrigReport          5          5          5          0          0 TriggerResults
TrigReport          5          5          5          0          0 ecalDigis
TrigReport          5          5          5          0          0 hcalDigis
TrigReport          5          5          5          0          0 simHcalTriggerPrimitiveDigis
TrigReport          5          5          5          0          0 tree

TimeReport ---------- Event  Summary ---[sec]----
TimeReport       event loop CPU/event = 0.520541
TimeReport      event loop Real/event = 16.453830
TimeReport     sum Streams Real/event = 1.975725
TimeReport efficiency CPU/Real/thread = 0.031636

TimeReport ---------- Path   Summary ---[Real sec]----
TimeReport  per event     per exec  Name
TimeReport   1.763777     1.763777  p
TimeReport  per event     per exec  Name

TimeReport -------End-Path   Summary ---[Real sec]----
TimeReport  per event     per exec  Name
TimeReport  per event     per exec  Name

TimeReport ---------- Modules in Path: p ---[Real sec]----
TimeReport  per event    per visit  Name
TimeReport   1.588778     1.588778  hcalDigis
TimeReport   0.018310     0.018310  ecalDigis
TimeReport   0.143908     0.143908  simHcalTriggerPrimitiveDigis
TimeReport   0.002277     0.002277  tree
TimeReport  per event    per visit  Name

TimeReport ---------- Module Summary ---[Real sec]----
TimeReport  per event     per exec    per visit  Name
TimeReport   0.000028     0.000028     0.000028  TriggerResults
TimeReport   0.018310     0.018310     0.018310  ecalDigis
TimeReport   1.588778     1.588778     1.588778  hcalDigis
TimeReport   0.143908     0.143908     0.143908  simHcalTriggerPrimitiveDigis
TimeReport   0.002277     0.002277     0.002277  tree
TimeReport  per event     per exec    per visit  Name

T---Report end!


=============================================

MessageLogger Summary

 type     category        sev    module        subroutine        count    total
 ---- -------------------- -- ---------------- ----------------  -----    -----
    1 XrdAdaptor           -w file_open                              1        1
    2 XrdAdaptorInternal   -w file_open                              2        2
    3 fileAction           -s file_close                             1        1
    4 fileAction           -s file_open                              3        3

 type    category    Examples: run/evt        run/evt          run/evt
 ---- -------------------- ---------------- ---------------- ----------------
    1 XrdAdaptor           pre-events                        
    2 XrdAdaptorInternal   pre-events       pre-events       
    3 fileAction           PostGlobalEndRun                  
    4 fileAction           pre-events       pre-events       pre-events

Severity    # Occurrences   Total Occurrences
--------    -------------   -----------------
Warning                 3                   3
System                  4                   4
